81.3.23.50 - - [05/Mar/2021:13:49:18 +0100] "GET /wp-content/plugins/woocommerce-upload-files/js/wcuf-frontend-cart-page.js HTTP/1.0" 404 26500 "mombuddymovement.nl" "Mozilla/5.0 (Windows NT 6.1; WOW64) AppleWebKit/537.36 (KHTML, like Gecko) Chrome/50.0.2661.75 Safari/537.36"
45.77.140.104 - - [05/Mar/2021:15:38:22 +0100] "POST /xmlrpc.php HTTP/1.0" 403 349 "-" "Python-urllib/2.7"
185.107.112.199 - - [05/Mar/2021:15:39:52 +0100] "POST /wp-cron.php?doing_wp_cron=1614955192.6363680362701416015625 HTTP/1.0" 301 566 "http://mombuddymovement.nl/wp-cron.php?doing_wp_cron=1614955192.6363680362701416015625" "WordPress/5.5.3; https://mombuddymovement.nl"
23.228.109.147 - - [05/Mar/2021:15:39:52 +0100] "GET /wp-content/plugins/super-forms/uploads/php/index.php HTTP/1.0" 301 392 "http://www.google.com/" "Mozilla/5.0 (Windows NT 6.1; Win64; x64) AppleWebKit/537.36 (KHTML, like Gecko) Chrome/56.0.2896.3 Safari/537.36"
23.228.109.147 - - [05/Mar/2021:15:39:53 +0100] "GET /wp-content/plugins/super-forms/uploads/php/ HTTP/1.0" 404 26500 "http://www.google.com/" "Mozilla/5.0 (Windows NT 6.1; Win64; x64) AppleWebKit/537.36 (KHTML, like Gecko) Chrome/56.0.2896.3 Safari/537.36"
159.65.65.170 - - [05/Mar/2021:17:09:48 +0100] "GET /wp-login.php HTTP/1.0" 301 472 "-" "Mozilla/5.0(Windows NT 6.3; Win64; x64; rv:84.0) Gecko/20100101 Firefox/84.0"
159.65.65.170 - - [05/Mar/2021:17:09:51 +0100] "GET ///?author=1 HTTP/1.0" 301 466 "-" "Mozilla/5.0(Windows NT 6.3; Win64; x64; rv:84.0) Gecko/20100101 Firefox/84.0"
159.65.65.170 - - [05/Mar/2021:17:09:54 +0100] "GET ///wp-json/wp/v2/users/ HTTP/1.0" 200 1130 "-" "Mozilla/5.0(Windows NT 6.3; Win64; x64; rv:84.0) Gecko/20100101 Firefox/84.0"
159.65.65.170 - - [05/Mar/2021:17:09:55 +0100] "GET ///?author=2 HTTP/1.0" 301 466 "-" "Mozilla/5.0(Windows NT 6.3; Win64; x64; rv:84.0) Gecko/20100101 Firefox/84.0"
104.248.241.41 - - [05/Mar/2021:20:19:00 +0100] "GET /wp-login.php HTTP/1.0" 301 472 "-" "Mozilla/5.0 (X11; Ubuntu; Linux x86_64; rv:62.0) Gecko/20100101 Firefox/62.0"
104.248.241.41 - - [05/Mar/2021:20:19:01 +0100] "GET ///?author=1 HTTP/1.0" 301 466 "-" "Mozilla/5.0 (X11; Ubuntu; Linux x86_64; rv:62.0) Gecko/20100101 Firefox/62.0"
104.248.241.41 - - [05/Mar/2021:20:19:02 +0100] "GET ///wp-json/wp/v2/users/ HTTP/1.0" 200 1130 "-" "Mozilla/5.0 (X11; Ubuntu; Linux x86_64; rv:62.0) Gecko/20100101 Firefox/62.0"
104.248.241.41 - - [05/Mar/2021:20:19:02 +0100] "GET ///?author=2 HTTP/1.0" 301 466 "-" "Mozilla/5.0 (X11; Ubuntu; Linux x86_64; rv:62.0) Gecko/20100101 Firefox/62.0"
185.107.112.199 - - [05/Mar/2021:20:36:09 +0100] "POST /wp-cron.php?doing_wp_cron=1614972969.3991410732269287109375 HTTP/1.0" 301 566 "http://mombuddymovement.nl/wp-cron.php?doing_wp_cron=1614972969.3991410732269287109375" "WordPress/5.5.3; https://mombuddymovement.nl"
195.154.232.125 - - [05/Mar/2021:20:36:09 +0100] "POST /wp-content/plugins/ait-csv-import-export/admin/upload-handler.php HTTP/1.0" 404 26500 "-" "Mozilla/5.0 (Windows; U; Windows NT 6.0; en-US; rv:1.9.1.2) Gecko/20090729 Firefox/3.5.2 (.NET CLR 3.5.30729)"
185.107.112.199 - - [06/Mar/2021:01:43:11 +0100] "POST /wp-cron.php?doing_wp_cron=1614991391.4961750507354736328125 HTTP/1.0" 301 566 "http://mombuddymovement.nl/wp-cron.php?doing_wp_cron=1614991391.4961750507354736328125" "WordPress/5.5.3; https://mombuddymovement.nl"
23.228.109.147 - - [06/Mar/2021:01:43:11 +0100] "GET /assets/admin/plugins/jquery-file-upload/server/php/index.php HTTP/1.0" 301 400 "http://www.google.com/" "Mozilla/5.0 (Windows NT 6.1; Win64; x64) AppleWebKit/537.36 (KHTML, like Gecko) Chrome/56.0.2896.3 Safari/537.36"
23.228.109.147 - - [06/Mar/2021:01:43:11 +0100] "GET /assets/admin/plugins/jquery-file-upload/server/php/ HTTP/1.0" 404 26500 "http://www.google.com/" "Mozilla/5.0 (Windows NT 6.1; Win64; x64) AppleWebKit/537.36 (KHTML, like Gecko) Chrome/56.0.2896.3 Safari/537.36"
112.109.84.67 - - [06/Mar/2021:05:07:13 +0100] "POST /xmlrpc.php HTTP/1.0" 403 349 "-" "Python-urllib/2.7"
185.107.112.199 - - [06/Mar/2021:08:28:16 +0100] "POST /wp-cron.php?doing_wp_cron=1615015696.5967180728912353515625 HTTP/1.0" 301 566 "http://mombuddymovement.nl/wp-cron.php?doing_wp_cron=1615015696.5967180728912353515625" "WordPress/5.5.3; https://mombuddymovement.nl"
34.215.93.162 - - [06/Mar/2021:08:28:16 +0100] "GET /favicon.ico HTTP/1.0" 302 359 "-" "Go-http-client/1.1"
34.215.93.162 - - [06/Mar/2021:08:28:18 +0100] "GET /wp-includes/images/w-logo-blue-white-bg.png HTTP/1.0" 301 534 "http://mombuddymovement.nl/favicon.ico" "Go-http-client/1.1"
31.24.227.102 - - [06/Mar/2021:11:49:33 +0100] "POST /wp-content/uploads/wcuf/caches.pHp HTTP/1.0" 403 349 "mombuddymovement.nl" "Mozilla/5.1 (Windows NT 6.0; WOW64) AppleWebKit/533.36 (KHTML, like Gecko) Chrome/46.0.2754.75 Safari/533.36"
185.107.112.199 - - [06/Mar/2021:11:53:50 +0100] "POST /wp-cron.php?doing_wp_cron=1615028030.5901129245758056640625 HTTP/1.0" 301 566 "http://mombuddymovement.nl/wp-cron.php?doing_wp_cron=1615028030.5901129245758056640625" "WordPress/5.5.3; https://mombuddymovement.nl"
217.182.175.112 - - [06/Mar/2021:11:53:50 +0100] "GET /baindex.php HTTP/1.0" 404 26500 "mombuddymovement.nl" "Mozilla/5.0 (Windows NT 6.1; WOW64) AppleWebKit/537.36 (KHTML, like Gecko) Chrome/50.0.2661.75 Safari/537.36"
185.107.112.199 - - [06/Mar/2021:11:58:57 +0100] "POST /wp-cron.php?doing_wp_cron=1615028337.6107099056243896484375 HTTP/1.0" 301 566 "http://mombuddymovement.nl/wp-cron.php?doing_wp_cron=1615028337.6107099056243896484375" "WordPress/5.5.3; https://mombuddymovement.nl"
87.248.32.135 - - [06/Mar/2021:11:58:57 +0100] "GET /wp-content/plugins/woocommerce-upload-files/js/wcuf-frontend-cart-page.js HTTP/1.0" 404 26500 "mombuddymovement.nl" "Mozilla/5.0 (Windows NT 6.1; WOW64) AppleWebKit/537.36 (KHTML, like Gecko) Chrome/50.0.2661.75 Safari/537.36"
23.228.109.147 - - [06/Mar/2021:15:44:45 +0100] "GET /wp-content/plugins/secure-file-manager/vendor/elfinder/php/connector.minimal.php HTTP/1.0" 403 349 "http://www.google.com/" "Mozilla/5.0 (Windows NT 6.1; Win64; x64) AppleWebKit/537.36 (KHTML, like Gecko) Chrome/56.0.2896.3 Safari/537.36"
35.80.31.22 - - [07/Mar/2021:09:07:33 +0100] "GET / HTTP/1.0" 301 448 "-" "Mozilla/5.0 (X11; Linux x86_64) AppleWebKit/537.36 (KHTML, like Gecko) Chrome/83.0.4103.97 Safari/537.36"
107.150.164.242 - - [08/Mar/2021:12:28:16 +0100] "GET /wp-content/plugins/wp-file-manager/lib/php/connector.minimal.php HTTP/1.0" 403 349 "-" "Mozilla/5.0 (Windows NT 10.0; Win64; x64) AppleWebKit/537.36 (KHTML, like Gecko) Chrome/75.0.3770.100 Safari/537.36"
167.71.172.1 - - [08/Mar/2021:13:34:53 +0100] "POST /xmlrpc.php HTTP/1.0" 403 349 "-" "Python-urllib/2.7"
185.107.112.199 - - [08/Mar/2021:16:05:19 +0100] "POST /wp-cron.php?doing_wp_cron=1615215919.3076720237731933593750 HTTP/1.0" 301 566 "http://mombuddymovement.nl/wp-cron.php?doing_wp_cron=1615215919.3076720237731933593750" "WordPress/5.5.3; https://mombuddymovement.nl"
185.130.44.124 - - [08/Mar/2021:16:05:18 +0100] "GET /searchreplace.php HTTP/1.0" 404 26500 "-" "Mozilla/4.0 (compatible; MSIE 8.0; Windows NT 6.1; WOW64; Trident/4.0; SLCC2; .NET CLR 2.0.50727; .NET CLR 3.5.30729; .NET CLR 3.0.30729; .NET4.0C; .NET4.0E; InfoPath.3)"
185.130.44.124 - - [08/Mar/2021:16:05:21 +0100] "GET /searchrep.php HTTP/1.0" 404 26500 "-" "Mozilla/4.0 (compatible; MSIE 8.0; Windows NT 6.1; WOW64; Trident/4.0; SLCC2; .NET CLR 2.0.50727; .NET CLR 3.5.30729; .NET CLR 3.0.30729; .NET4.0C; .NET4.0E; InfoPath.3)"
185.130.44.124 - - [08/Mar/2021:16:05:24 +0100] "GET /searchreplacedb.php HTTP/1.0" 404 26500 "-" "Mozilla/4.0 (compatible; MSIE 8.0; Windows NT 6.1; WOW64; Trident/4.0; SLCC2; .NET CLR 2.0.50727; .NET CLR 3.5.30729; .NET CLR 3.0.30729; .NET4.0C; .NET4.0E; InfoPath.3)"
34.214.205.145 - - [09/Mar/2021:08:17:07 +0100] "GET / HTTP/1.0" 301 448 "-" "Mozilla/5.0 (X11; Linux x86_64) AppleWebKit/537.36 (KHTML, like Gecko) Chrome/83.0.4103.97 Safari/537.36"
31.13.103.11 - - [09/Mar/2021:11:05:11 +0100] "GET / HTTP/1.0" 301 448 "-" "facebookexternalhit/1.1 (+http://www.facebook.com/externalhit_uatext.php)"
185.107.112.199 - - [09/Mar/2021:12:21:07 +0100] "POST /wp-cron.php?doing_wp_cron=1615288867.4917719364166259765625 HTTP/1.0" 301 566 "http://mombuddymovement.nl/wp-cron.php?doing_wp_cron=1615288867.4917719364166259765625" "WordPress/5.5.3; https://mombuddymovement.nl"
62.212.152.187 - - [09/Mar/2021:12:21:07 +0100] "GET /wp-content/plugins/e-signature/assets/css/esig-mail.css HTTP/1.0" 404 26500 "mombuddymovement.nl" "Mozilla/5.0 (Windows NT 6.1; WOW64) AppleWebKit/537.36 (KHTML, like Gecko) Chrome/50.0.2661.75 Safari/537.36"
50.31.138.167 - - [09/Mar/2021:14:05:37 +0100] "GET /wp-admin/admin-ajax.php?action=sif_upload_file HTTP/1.0" 301 540 "mombuddymovement.nl" "Mozilla/5.0 (Windows NT 6.1; WOW64) AppleWebKit/537.36 (KHTML, like Gecko) Chrome/50.0.2661.75 Safari/537.36"
185.107.112.199 - - [09/Mar/2021:15:18:10 +0100] "POST /wp-cron.php?doing_wp_cron=1615299490.8635919094085693359375 HTTP/1.0" 301 566 "http://mombuddymovement.nl/wp-cron.php?doing_wp_cron=1615299490.8635919094085693359375" "WordPress/5.5.3; https://mombuddymovement.nl"
45.63.34.31 - - [09/Mar/2021:15:18:10 +0100] "GET /baindex.php HTTP/1.0" 404 26500 "mombuddymovement.nl" "Mozilla/5.0 (Windows NT 6.1; WOW64) AppleWebKit/537.36 (KHTML, like Gecko) Chrome/50.0.2661.75 Safari/537.36"
92.222.83.118 - - [09/Mar/2021:18:41:23 +0100] "POST /wp-content/uploads/wp-stream.php HTTP/1.0" 403 349 "mombuddymovement.nl" "Mozilla/5.1 (Windows NT 6.0; WOW64) AppleWebKit/533.36 (KHTML, like Gecko) Chrome/46.0.2754.75 Safari/533.36"
92.222.83.118 - - [09/Mar/2021:18:41:27 +0100] "POST /wp-stream.php HTTP/1.0" 403 349 "mombuddymovement.nl" "Mozilla/5.1 (Windows NT 6.0; WOW64) AppleWebKit/533.36 (KHTML, like Gecko) Chrome/46.0.2754.75 Safari/533.36"
92.222.83.118 - - [09/Mar/2021:18:42:42 +0100] "POST /stem.php HTTP/1.0" 403 349 "mombuddymovement.nl" "Mozilla/5.1 (Windows NT 6.0; WOW64) AppleWebKit/533.36 (KHTML, like Gecko) Chrome/46.0.2754.75 Safari/533.36"
62.210.146.197 - - [09/Mar/2021:22:31:12 +0100] "GET /wp-admin/admin-ajax.php?action=revslider_show_image&img=../wp-config.php HTTP/1.0" 403 349 "-" "Mozilla/5.0 (Windows NT 6.3; Win64; x64) AppleWebKit/537.36 (KHTML, like Gecko) Chrome/75.0.3770.100 Safari/537.36"
5.255.174.141 - - [10/Mar/2021:07:43:13 +0100] "GET /xmlrpc.php HTTP/1.0" 301 468 "-" "Chrome 73.75 7|Mozilla/5.0 (Windows NT 6.1) AppleWebKit/537.36 (KHTML, like Gecko) Chrome/73.0.3683.75 Safari/537.36"
5.255.174.141 - - [10/Mar/2021:07:43:13 +0100] "GET /wp-login.php HTTP/1.0" 301 472 "-" "Chrome 73.75 7|Mozilla/5.0 (Windows NT 6.1) AppleWebKit/537.36 (KHTML, like Gecko) Chrome/73.0.3683.75 Safari/537.36"
84.241.202.252 - - [10/Mar/2021:14:02:12 +0100] "GET / HTTP/1.0" 301 456 "-" "Mozilla/5.0 (iPhone; CPU iPhone OS 14_4 like Mac OS X) AppleWebKit/605.1.15 (KHTML, like Gecko) Version/14.0.3 Mobile/15E148 Safari/604.1"
50.31.138.167 - - [10/Mar/2021:19:06:36 +0100] "POST /wp-beckup.php HTTP/1.0" 403 349 "mombuddymovement.nl" "Mozilla/5.1 (Windows NT 6.0; WOW64) AppleWebKit/533.36 (KHTML, like Gecko) Chrome/46.0.2754.75 Safari/533.36"
50.31.138.167 - - [10/Mar/2021:19:08:05 +0100] "POST /wp-content/uploads/wp-beckup.php HTTP/1.0" 403 349 "mombuddymovement.nl" "Mozilla/5.1 (Windows NT 6.0; WOW64) AppleWebKit/533.36 (KHTML, like Gecko) Chrome/46.0.2754.75 Safari/533.36"
50.31.138.167 - - [10/Mar/2021:19:09:14 +0100] "POST /engl/slem.php HTTP/1.0" 403 349 "mombuddymovement.nl" "Mozilla/5.1 (Windows NT 6.0; WOW64) AppleWebKit/533.36 (KHTML, like Gecko) Chrome/46.0.2754.75 Safari/533.36"
50.31.138.167 - - [10/Mar/2021:19:09:44 +0100] "POST /stem.php HTTP/1.0" 403 349 "mombuddymovement.nl" "Mozilla/5.1 (Windows NT 6.0; WOW64) AppleWebKit/533.36 (KHTML, like Gecko) Chrome/46.0.2754.75 Safari/533.36"
50.31.138.167 - - [10/Mar/2021:19:09:45 +0100] "POST /wp-stream.php HTTP/1.0" 403 349 "mombuddymovement.nl" "Mozilla/5.1 (Windows NT 6.0; WOW64) AppleWebKit/533.36 (KHTML, like Gecko) Chrome/46.0.2754.75 Safari/533.36"
50.31.138.167 - - [10/Mar/2021:19:09:47 +0100] "POST /.well-known/acme-challenge/engl/slem.php HTTP/1.0" 403 349 "mombuddymovement.nl" "Mozilla/5.1 (Windows NT 6.0; WOW64) AppleWebKit/533.36 (KHTML, like Gecko) Chrome/46.0.2754.75 Safari/533.36"
185.107.112.199 - - [10/Mar/2021:22:54:28 +0100] "POST /wp-cron.php?doing_wp_cron=1615413268.8799650669097900390625 HTTP/1.0" 301 566 "http://mombuddymovement.nl/wp-cron.php?doing_wp_cron=1615413268.8799650669097900390625" "WordPress/5.5.3; https://mombuddymovement.nl"
185.100.87.243 - - [10/Mar/2021:22:54:28 +0100] "GET /wp-content/themes/kingclub-theme/style.css HTTP/1.0" 404 26500 "-" "Mozilla/4.0 (compatible; MSIE 8.0; Windows NT 6.1; WOW64; Trident/4.0; SLCC2; .NET CLR 2.0.50727; .NET CLR 3.5.30729; .NET CLR 3.0.30729; .NET4.0C; .NET4.0E; InfoPath.3)"
185.100.87.243 - - [10/Mar/2021:22:54:29 +0100] "GET /wp-content/themes/kingclub/style.css HTTP/1.0" 404 26500 "-" "Mozilla/4.0 (compatible; MSIE 8.0; Windows NT 6.1; WOW64; Trident/4.0; SLCC2; .NET CLR 2.0.50727; .NET CLR 3.5.30729; .NET CLR 3.0.30729; .NET4.0C; .NET4.0E; InfoPath.3)"
34.219.237.66 - - [11/Mar/2021:08:07:53 +0100] "GET / HTTP/1.0" 301 448 "-" "Mozilla/5.0 (X11; Linux x86_64) AppleWebKit/537.36 (KHTML, like Gecko) Chrome/83.0.4103.97 Safari/537.36"
185.107.112.199 - - [11/Mar/2021:11:39:21 +0100] "POST /wp-cron.php?doing_wp_cron=1615459161.4549460411071777343750 HTTP/1.0" 301 566 "http://mombuddymovement.nl/wp-cron.php?doing_wp_cron=1615459161.4549460411071777343750" "WordPress/5.5.3; https://mombuddymovement.nl"
45.55.41.53 - - [11/Mar/2021:11:39:20 +0100] "GET /wp-content/plugins/theplus_elementor_addon/assets/css/extra/tocbot.css HTTP/1.0" 404 26500 "mombuddymovement.nl" "Mozilla/5.0 (Windows NT 6.1; WOW64) AppleWebKit/537.36 (KHTML, like Gecko) Chrome/50.0.2661.75 Safari/537.36"
54.188.104.5 - - [11/Mar/2021:13:10:19 +0100] "GET / HTTP/1.0" 301 448 "-" "Mozilla/5.0 (Windows NT 6.1; WOW64; rv:53.0) Gecko/20100101 Firefox/53.0"
86.106.143.202 - - [12/Mar/2021:04:39:53 +0100] "POST /vendor/phpunit/phpunit/src/Util/PHP/eval-stdin.php HTTP/1.0" 403 349 "-" "fasthttp"
86.106.143.202 - - [12/Mar/2021:04:39:53 +0100] "POST /phpunit/phpunit/src/Util/PHP/eval-stdin.php HTTP/1.0" 403 349 "-" "fasthttp"
86.106.143.202 - - [12/Mar/2021:04:39:53 +0100] "POST /phpunit/phpunit/Util/PHP/eval-stdin.php HTTP/1.0" 403 349 "-" "fasthttp"
86.106.143.202 - - [12/Mar/2021:04:39:54 +0100] "POST /phpunit/src/Util/PHP/eval-stdin.php HTTP/1.0" 403 349 "-" "fasthttp"
86.106.143.202 - - [12/Mar/2021:04:39:54 +0100] "POST /phpunit/Util/PHP/eval-stdin.php HTTP/1.0" 403 349 "-" "fasthttp"
86.106.143.202 - - [12/Mar/2021:04:39:54 +0100] "POST /vendor/phpunit/phpunit/Util/PHP/eval-stdin.php HTTP/1.0" 403 349 "-" "fasthttp"
86.106.143.202 - - [12/Mar/2021:04:39:54 +0100] "POST /vendor/phpunit/src/Util/PHP/eval-stdin.php HTTP/1.0" 403 349 "-" "fasthttp"
86.106.143.202 - - [12/Mar/2021:04:39:54 +0100] "POST /vendor/phpunit/Util/PHP/eval-stdin.php HTTP/1.0" 403 349 "-" "fasthttp"
86.106.143.202 - - [12/Mar/2021:04:39:54 +0100] "POST /lib/phpunit/phpunit/src/Util/PHP/eval-stdin.php HTTP/1.0" 403 349 "-" "fasthttp"
86.106.143.202 - - [12/Mar/2021:04:39:55 +0100] "POST /lib/phpunit/phpunit/Util/PHP/eval-stdin.php HTTP/1.0" 403 349 "-" "fasthttp"
86.106.143.202 - - [12/Mar/2021:04:39:55 +0100] "POST /lib/phpunit/src/Util/PHP/eval-stdin.php HTTP/1.0" 403 349 "-" "fasthttp"
86.106.143.202 - - [12/Mar/2021:04:39:55 +0100] "POST /lib/phpunit/Util/PHP/eval-stdin.php HTTP/1.0" 403 349 "-" "fasthttp"
86.106.143.202 - - [12/Mar/2021:04:39:55 +0100] "POST /wp-content/plugins/dzs-videogallery/class_parts/vendor/phpunit/phpunit/src/Util/PHP/eval-stdin.php HTTP/1.0" 403 349 "-" "fasthttp"
86.106.143.202 - - [12/Mar/2021:04:39:55 +0100] "POST /wp-content/plugins/jekyll-exporter/vendor/phpunit/phpunit/src/Util/PHP/eval-stdin.php HTTP/1.0" 403 349 "-" "fasthttp"
86.106.143.202 - - [12/Mar/2021:04:39:55 +0100] "POST /wp-content/plugins/cloudflare/vendor/phpunit/phpunit/src/Util/PHP/eval-stdin.php HTTP/1.0" 403 349 "-" "fasthttp"
185.107.112.199 - - [12/Mar/2021:06:20:16 +0100] "POST /wp-cron.php?doing_wp_cron=1615526416.4955589771270751953125 HTTP/1.0" 301 566 "http://mombuddymovement.nl/wp-cron.php?doing_wp_cron=1615526416.4955589771270751953125" "WordPress/5.5.3; https://mombuddymovement.nl"
216.145.11.94 - - [12/Mar/2021:06:20:15 +0100] "GET /robots.txt HTTP/1.0" 301 266 "-" "Mozilla/5.0 (Macintosh; Intel Mac OS X 10.10; rv:59.0) Gecko/20100101 Firefox/59.0"
216.145.11.94 - - [12/Mar/2021:06:20:16 +0100] "GET / HTTP/1.0" 301 456 "-" "Mozilla/5.0 (Macintosh; Intel Mac OS X 10.10; rv:59.0) Gecko/20100101 Firefox/59.0"
52.36.140.213 - - [12/Mar/2021:08:19:55 +0100] "GET / HTTP/1.0" 301 448 "-" "Mozilla/5.0 (X11; Linux x86_64) AppleWebKit/537.36 (KHTML, like Gecko) Chrome/83.0.4103.97 Safari/537.36"
31.7.61.188 - - [12/Mar/2021:08:39:45 +0100] "GET /wp-content/themes/twentyeleven/searchreplacedb2.php HTTP/1.0" 404 349 "-" "Mozilla/5.0 (Linux; Android 4.1.2; SGH-I727R Build/JZO54K) AppleWebKit/537.22 (KHTML, like Gecko) Chrome/25.0.1364.169 Mobile Safari/537.22"
31.7.61.188 - - [12/Mar/2021:08:39:46 +0100] "GET /wp-content/themes/twentyten/searchreplacedb2.php HTTP/1.0" 404 349 "-" "Mozilla/5.0 (Linux; Android 4.1.2; SGH-I727R Build/JZO54K) AppleWebKit/537.22 (KHTML, like Gecko) Chrome/25.0.1364.169 Mobile Safari/537.22"
31.7.61.188 - - [12/Mar/2021:08:39:46 +0100] "GET /wp-content/themes/twentyfourteen/searchreplacedb2.php HTTP/1.0" 404 349 "-" "Mozilla/5.0 (Linux; Android 4.1.2; SGH-I727R Build/JZO54K) AppleWebKit/537.22 (KHTML, like Gecko) Chrome/25.0.1364.169 Mobile Safari/537.22"
31.7.61.188 - - [12/Mar/2021:08:39:47 +0100] "GET /wp-content/themes/twentyfifteen/searchreplacedb2.php HTTP/1.0" 404 349 "-" "Mozilla/5.0 (Linux; Android 4.1.2; SGH-I727R Build/JZO54K) AppleWebKit/537.22 (KHTML, like Gecko) Chrome/25.0.1364.169 Mobile Safari/537.22"
31.7.61.188 - - [12/Mar/2021:08:39:47 +0100] "GET /wp-content/searchreplacedb2.php HTTP/1.0" 404 349 "-" "Mozilla/5.0 (Linux; Android 4.1.2; SGH-I727R Build/JZO54K) AppleWebKit/537.22 (KHTML, like Gecko) Chrome/25.0.1364.169 Mobile Safari/537.22"
31.7.61.188 - - [12/Mar/2021:08:39:48 +0100] "GET /wp-admin/searchreplacedb2.php HTTP/1.0" 404 349 "-" "Mozilla/5.0 (Linux; Android 4.1.2; SGH-I727R Build/JZO54K) AppleWebKit/537.22 (KHTML, like Gecko) Chrome/25.0.1364.169 Mobile Safari/537.22"
31.7.61.188 - - [12/Mar/2021:08:39:48 +0100] "GET /wp-includes/searchreplacedb2.php HTTP/1.0" 404 349 "-" "Mozilla/5.0 (Linux; Android 4.1.2; SGH-I727R Build/JZO54K) AppleWebKit/537.22 (KHTML, like Gecko) Chrome/25.0.1364.169 Mobile Safari/537.22"
31.7.61.188 - - [12/Mar/2021:08:39:49 +0100] "GET /wp-content/plugins/searchreplacedb2.php HTTP/1.0" 404 349 "-" "Mozilla/5.0 (Linux; Android 4.1.2; SGH-I727R Build/JZO54K) AppleWebKit/537.22 (KHTML, like Gecko) Chrome/25.0.1364.169 Mobile Safari/537.22"
31.7.61.188 - - [12/Mar/2021:08:39:49 +0100] "GET /wp-content/plugins/contact-form-7/searchreplacedb2.php HTTP/1.0" 404 349 "-" "Mozilla/5.0 (Linux; Android 4.1.2; SGH-I727R Build/JZO54K) AppleWebKit/537.22 (KHTML, like Gecko) Chrome/25.0.1364.169 Mobile Safari/537.22"
31.7.61.188 - - [12/Mar/2021:08:39:50 +0100] "GET /wp-content/themes/searchreplacedb2.php HTTP/1.0" 404 349 "-" "Mozilla/5.0 (Linux; Android 4.1.2; SGH-I727R Build/JZO54K) AppleWebKit/537.22 (KHTML, like Gecko) Chrome/25.0.1364.169 Mobile Safari/537.22"
37.97.185.158 - - [12/Mar/2021:10:02:03 +0100] "POST /wp-stream.php HTTP/1.0" 403 349 "mombuddymovement.nl" "Mozilla/5.1 (Windows NT 6.0; WOW64) AppleWebKit/533.36 (KHTML, like Gecko) Chrome/46.0.2754.75 Safari/533.36"
185.107.112.199 - - [12/Mar/2021:13:10:14 +0100] "POST /wp-cron.php?doing_wp_cron=1615551014.7104051113128662109375 HTTP/1.0" 301 566 "http://mombuddymovement.nl/wp-cron.php?doing_wp_cron=1615551014.7104051113128662109375" "WordPress/5.5.3; https://mombuddymovement.nl"
51.210.188.9 - - [12/Mar/2021:13:10:14 +0100] "GET /wp-content/plugins/wp-strongs/index.php HTTP/1.0" 301 379 "mombuddymovement.nl" "Mozilla/5.0 (Windows NT 6.1; WOW64) AppleWebKit/537.36 (KHTML, like Gecko) Chrome/50.0.2661.75 Safari/537.36"
51.210.188.9 - - [12/Mar/2021:13:10:14 +0100] "GET /wp-content/plugins/wp-strongs/ HTTP/1.0" 404 26500 "mombuddymovement.nl" "Mozilla/5.0 (Windows NT 6.1; WOW64) AppleWebKit/537.36 (KHTML, like Gecko) Chrome/50.0.2661.75 Safari/537.36"
62.210.146.197 - - [12/Mar/2021:14:08:10 +0100] "GET /wp-admin/admin-ajax.php?action=duplicator_download&file=../wp-config.php HTTP/1.0" 403 349 "-" "Mozilla/5.0 (Windows NT 6.3; Win64; x64) AppleWebKit/537.36 (KHTML, like Gecko) Chrome/75.0.3770.100 Safari/537.36"
185.107.112.199 - - [12/Mar/2021:18:49:26 +0100] "POST /wp-cron.php?doing_wp_cron=1615571366.1420440673828125000000 HTTP/1.0" 301 566 "http://mombuddymovement.nl/wp-cron.php?doing_wp_cron=1615571366.1420440673828125000000" "WordPress/5.5.3; https://mombuddymovement.nl"
185.204.1.210 - - [12/Mar/2021:18:49:25 +0100] "POST /RPC2 HTTP/1.0" 404 26500 "-" "fasthttp"
202.39.54.2 - - [12/Mar/2021:21:58:58 +0100] "GET / HTTP/1.0" 301 448 "-" "-"
185.107.112.199 - - [13/Mar/2021:00:56:34 +0100] "POST /wp-cron.php?doing_wp_cron=1615593394.7667949199676513671875 HTTP/1.0" 301 566 "http://mombuddymovement.nl/wp-cron.php?doing_wp_cron=1615593394.7667949199676513671875" "WordPress/5.5.3; https://mombuddymovement.nl"
185.204.1.210 - - [13/Mar/2021:00:56:34 +0100] "POST /RPC2 HTTP/1.0" 404 26557 "-" "fasthttp"
65.154.226.100 - - [13/Mar/2021:09:25:10 +0100] "GET / HTTP/1.0" 301 448 "-" "Mozilla/5.0 (X11; Linux x86_64) AppleWebKit/537.36 (KHTML, like Gecko) Chrome/80.0.3987.162 Safari/537.36"
44.234.45.120 - - [14/Mar/2021:08:08:27 +0100] "GET / HTTP/1.0" 301 448 "-" "Mozilla/5.0 (X11; Linux x86_64) AppleWebKit/537.36 (KHTML, like Gecko) Chrome/83.0.4103.97 Safari/537.36"
34.216.225.124 - - [14/Mar/2021:08:09:02 +0100] "GET /favicon.ico HTTP/1.0" 302 359 "-" "Go-http-client/1.1"
34.216.225.124 - - [14/Mar/2021:08:09:03 +0100] "GET /wp-includes/images/w-logo-blue-white-bg.png HTTP/1.0" 301 534 "http://mombuddymovement.nl/favicon.ico" "Go-http-client/1.1"
54.213.130.202 - - [15/Mar/2021:08:01:55 +0100] "GET / HTTP/1.0" 301 448 "-" "Mozilla/5.0 (X11; Linux x86_64) AppleWebKit/537.36 (KHTML, like Gecko) Chrome/83.0.4103.97 Safari/537.36"
34.213.42.229 - - [15/Mar/2021:08:02:24 +0100] "GET / HTTP/1.0" 301 448 "-" "Go-http-client/1.1"
185.107.112.199 - - [15/Mar/2021:16:18:25 +0100] "POST /wp-cron.php?doing_wp_cron=1615821505.7392420768737792968750 HTTP/1.0" 301 566 "http://mombuddymovement.nl/wp-cron.php?doing_wp_cron=1615821505.7392420768737792968750" "WordPress/5.5.3; https://mombuddymovement.nl"
157.230.239.3 - - [15/Mar/2021:16:18:24 +0100] "GET /baindex.php HTTP/1.0" 404 26500 "mombuddymovement.nl" "Mozilla/5.0 (Windows NT 6.1; WOW64) AppleWebKit/537.36 (KHTML, like Gecko) Chrome/50.0.2661.75 Safari/537.36"
162.144.117.24 - - [15/Mar/2021:18:10:05 +0100] "GET /wp-login.php HTTP/1.0" 301 472 "-" "Mozilla/5.0 (X11; Ubuntu; Linux x86_64; rv:62.0) Gecko/20100101 Firefox/62.0"
162.144.117.24 - - [15/Mar/2021:18:10:10 +0100] "GET ///?author=1 HTTP/1.0" 301 466 "-" "Mozilla/5.0 (X11; Ubuntu; Linux x86_64; rv:62.0) Gecko/20100101 Firefox/62.0"
162.144.117.24 - - [15/Mar/2021:18:10:20 +0100] "GET ///wp-json/wp/v2/users/ HTTP/1.0" 200 1130 "-" "Mozilla/5.0 (X11; Ubuntu; Linux x86_64; rv:62.0) Gecko/20100101 Firefox/62.0"
162.144.117.24 - - [15/Mar/2021:18:10:26 +0100] "GET ///?author=2 HTTP/1.0" 301 466 "-" "Mozilla/5.0 (X11; Ubuntu; Linux x86_64; rv:62.0) Gecko/20100101 Firefox/62.0"
34.77.162.14 - - [15/Mar/2021:20:11:50 +0100] "GET / HTTP/1.0" 301 456 "-" "Expanse indexes the network perimeters of our customers. If you have any questions or concerns, please reach out to: scaninfo@expanseinc.com"
34.216.224.164 - - [16/Mar/2021:08:02:12 +0100] "GET / HTTP/1.0" 301 448 "-" "Mozilla/5.0 (X11; Linux x86_64) AppleWebKit/537.36 (KHTML, like Gecko) Chrome/83.0.4103.97 Safari/537.36"
104.225.216.131 - - [16/Mar/2021:11:27:25 +0100] "GET /wp-content/plugins/food-and-drink-menu/webpack.config.js HTTP/1.0" 404 26500 "mombuddymovement.nl" "Mozilla/5.0 (Windows NT 6.1; WOW64) AppleWebKit/537.36 (KHTML, like Gecko) Chrome/50.0.2661.75 Safari/537.36"
94.23.250.140 - - [16/Mar/2021:15:10:26 +0100] "GET /wp-content/plugins/quadmenu/assets/backend/css/modal.css HTTP/1.0" 404 26500 "mombuddymovement.nl" "Mozilla/5.0 (Windows NT 6.1; WOW64) AppleWebKit/537.36 (KHTML, like Gecko) Chrome/50.0.2661.75 Safari/537.36"
45.144.225.69 - - [16/Mar/2021:17:09:41 +0100] "GET / HTTP/1.0" 301 448 "www.google.com" "Mozlila/5.0 (Linux; Android 7.0; SM-G892A Bulid/NRD90M; wv) AppleWebKit/537.36 (KHTML, like Gecko) Version/4.0 Chrome/60.0.3112.107 Moblie Safari/537.36"
45.144.225.69 - - [16/Mar/2021:17:10:27 +0100] "GET /wp HTTP/1.0" 404 26500 "www.google.com" "Mozlila/5.0 (Linux; Android 7.0; SM-G892A Bulid/NRD90M; wv) AppleWebKit/537.36 (KHTML, like Gecko) Version/4.0 Chrome/60.0.3112.107 Moblie Safari/537.36"
45.144.225.69 - - [16/Mar/2021:17:11:06 +0100] "GET /wordpress HTTP/1.0" 404 26500 "www.google.com" "Mozlila/5.0 (Linux; Android 7.0; SM-G892A Bulid/NRD90M; wv) AppleWebKit/537.36 (KHTML, like Gecko) Version/4.0 Chrome/60.0.3112.107 Moblie Safari/537.36"
45.144.225.69 - - [16/Mar/2021:17:11:28 +0100] "GET /mombuddymovement HTTP/1.0" 404 26500 "www.google.com" "Mozlila/5.0 (Linux; Android 7.0; SM-G892A Bulid/NRD90M; wv) AppleWebKit/537.36 (KHTML, like Gecko) Version/4.0 Chrome/60.0.3112.107 Moblie Safari/537.36"
45.144.225.69 - - [16/Mar/2021:17:11:59 +0100] "GET /WP HTTP/1.0" 404 26500 "www.google.com" "Mozlila/5.0 (Linux; Android 7.0; SM-G892A Bulid/NRD90M; wv) AppleWebKit/537.36 (KHTML, like Gecko) Version/4.0 Chrome/60.0.3112.107 Moblie Safari/537.36"
45.144.225.69 - - [16/Mar/2021:17:12:19 +0100] "GET /wp-admin HTTP/1.0" 301 464 "www.google.com" "Mozlila/5.0 (Linux; Android 7.0; SM-G892A Bulid/NRD90M; wv) AppleWebKit/537.36 (KHTML, like Gecko) Version/4.0 Chrome/60.0.3112.107 Moblie Safari/537.36"
45.144.225.69 - - [16/Mar/2021:17:13:14 +0100] "GET /wp1 HTTP/1.0" 404 26500 "www.google.com" "Mozlila/5.0 (Linux; Android 7.0; SM-G892A Bulid/NRD90M; wv) AppleWebKit/537.36 (KHTML, like Gecko) Version/4.0 Chrome/60.0.3112.107 Moblie Safari/537.36"
45.144.225.69 - - [16/Mar/2021:17:13:22 +0100] "GET /WordPress HTTP/1.0" 404 26500 "www.google.com" "Mozlila/5.0 (Linux; Android 7.0; SM-G892A Bulid/NRD90M; wv) AppleWebKit/537.36 (KHTML, like Gecko) Version/4.0 Chrome/60.0.3112.107 Moblie Safari/537.36"
45.144.225.69 - - [16/Mar/2021:17:13:28 +0100] "GET /WORDPRESS HTTP/1.0" 404 26500 "www.google.com" "Mozlila/5.0 (Linux; Android 7.0; SM-G892A Bulid/NRD90M; wv) AppleWebKit/537.36 (KHTML, like Gecko) Version/4.0 Chrome/60.0.3112.107 Moblie Safari/537.36"
45.144.225.69 - - [16/Mar/2021:17:13:44 +0100] "GET /Mombuddymovement HTTP/1.0" 404 26500 "www.google.com" "Mozlila/5.0 (Linux; Android 7.0; SM-G892A Bulid/NRD90M; wv) AppleWebKit/537.36 (KHTML, like Gecko) Version/4.0 Chrome/60.0.3112.107 Moblie Safari/537.36"
45.144.225.69 - - [16/Mar/2021:17:13:58 +0100] "GET /blog HTTP/1.0" 404 26500 "www.google.com" "Mozlila/5.0 (Linux; Android 7.0; SM-G892A Bulid/NRD90M; wv) AppleWebKit/537.36 (KHTML, like Gecko) Version/4.0 Chrome/60.0.3112.107 Moblie Safari/537.36"
45.144.225.69 - - [16/Mar/2021:17:14:26 +0100] "GET /new HTTP/1.0" 404 26500 "www.google.com" "Mozlila/5.0 (Linux; Android 7.0; SM-G892A Bulid/NRD90M; wv) AppleWebKit/537.36 (KHTML, like Gecko) Version/4.0 Chrome/60.0.3112.107 Moblie Safari/537.36"
45.144.225.69 - - [16/Mar/2021:17:14:55 +0100] "GET /old HTTP/1.0" 404 26500 "www.google.com" "Mozlila/5.0 (Linux; Android 7.0; SM-G892A Bulid/NRD90M; wv) AppleWebKit/537.36 (KHTML, like Gecko) Version/4.0 Chrome/60.0.3112.107 Moblie Safari/537.36"
45.144.225.69 - - [16/Mar/2021:17:15:27 +0100] "GET /demo HTTP/1.0" 404 26500 "www.google.com" "Mozlila/5.0 (Linux; Android 7.0; SM-G892A Bulid/NRD90M; wv) AppleWebKit/537.36 (KHTML, like Gecko) Version/4.0 Chrome/60.0.3112.107 Moblie Safari/537.36"
45.144.225.69 - - [16/Mar/2021:17:15:54 +0100] "GET /backup HTTP/1.0" 404 26500 "www.google.com" "Mozlila/5.0 (Linux; Android 7.0; SM-G892A Bulid/NRD90M; wv) AppleWebKit/537.36 (KHTML, like Gecko) Version/4.0 Chrome/60.0.3112.107 Moblie Safari/537.36"
45.144.225.69 - - [16/Mar/2021:17:16:04 +0100] "GET /Backup HTTP/1.0" 404 26500 "www.google.com" "Mozlila/5.0 (Linux; Android 7.0; SM-G892A Bulid/NRD90M; wv) AppleWebKit/537.36 (KHTML, like Gecko) Version/4.0 Chrome/60.0.3112.107 Moblie Safari/537.36"
45.144.225.69 - - [16/Mar/2021:17:16:28 +0100] "GET /BACKUP HTTP/1.0" 404 26500 "www.google.com" "Mozlila/5.0 (Linux; Android 7.0; SM-G892A Bulid/NRD90M; wv) AppleWebKit/537.36 (KHTML, like Gecko) Version/4.0 Chrome/60.0.3112.107 Moblie Safari/537.36"
45.144.225.69 - - [16/Mar/2021:17:17:06 +0100] "GET /test HTTP/1.0" 404 26500 "www.google.com" "Mozlila/5.0 (Linux; Android 7.0; SM-G892A Bulid/NRD90M; wv) AppleWebKit/537.36 (KHTML, like Gecko) Version/4.0 Chrome/60.0.3112.107 Moblie Safari/537.36"
45.144.225.69 - - [16/Mar/2021:17:17:33 +0100] "GET /home HTTP/1.0" 404 26500 "www.google.com" "Mozlila/5.0 (Linux; Android 7.0; SM-G892A Bulid/NRD90M; wv) AppleWebKit/537.36 (KHTML, like Gecko) Version/4.0 Chrome/60.0.3112.107 Moblie Safari/537.36"
45.144.225.69 - - [16/Mar/2021:17:17:55 +0100] "GET /2020 HTTP/1.0" 301 261 "www.google.com" "Mozlila/5.0 (Linux; Android 7.0; SM-G892A Bulid/NRD90M; wv) AppleWebKit/537.36 (KHTML, like Gecko) Version/4.0 Chrome/60.0.3112.107 Moblie Safari/537.36"
45.144.225.69 - - [16/Mar/2021:17:17:56 +0100] "GET /2020/ HTTP/1.0" 200 31652 "www.google.com" "Mozlila/5.0 (Linux; Android 7.0; SM-G892A Bulid/NRD90M; wv) AppleWebKit/537.36 (KHTML, like Gecko) Version/4.0 Chrome/60.0.3112.107 Moblie Safari/537.36"
45.144.225.69 - - [16/Mar/2021:17:18:05 +0100] "GET /2019 HTTP/1.0" 404 26500 "www.google.com" "Mozlila/5.0 (Linux; Android 7.0; SM-G892A Bulid/NRD90M; wv) AppleWebKit/537.36 (KHTML, like Gecko) Version/4.0 Chrome/60.0.3112.107 Moblie Safari/537.36"
51.75.146.127 - - [16/Mar/2021:17:18:09 +0100] "GET / HTTP/1.0" 301 448 "http://mombuddymovement.nl/" "Mozilla/5.0 (Windows NT 6.1; WOW64) AppleWebKit/537.36 (KHTML, like Gecko) Chrome/83.0.4103.61 Safari/537.36"
45.144.225.69 - - [16/Mar/2021:17:18:12 +0100] "GET /site HTTP/1.0" 404 26500 "www.google.com" "Mozlila/5.0 (Linux; Android 7.0; SM-G892A Bulid/NRD90M; wv) AppleWebKit/537.36 (KHTML, like Gecko) Version/4.0 Chrome/60.0.3112.107 Moblie Safari/537.36"
45.144.225.69 - - [16/Mar/2021:17:18:18 +0100] "GET /Old HTTP/1.0" 404 26500 "www.google.com" "Mozlila/5.0 (Linux; Android 7.0; SM-G892A Bulid/NRD90M; wv) AppleWebKit/537.36 (KHTML, like Gecko) Version/4.0 Chrome/60.0.3112.107 Moblie Safari/537.36"
185.220.101.206 - - [16/Mar/2021:17:42:24 +0100] "GET /SearchReplace/index.php HTTP/1.0" 301 363 "-" "Mozilla/5.0 (Linux; Android 4.1.2; SGH-I727R Build/JZO54K) AppleWebKit/537.22 (KHTML, like Gecko) Chrome/25.0.1364.169 Mobile Safari/537.22"
185.220.101.206 - - [16/Mar/2021:17:42:25 +0100] "GET /SearchReplace/ HTTP/1.0" 404 26500 "-" "Mozilla/5.0 (Linux; Android 4.1.2; SGH-I727R Build/JZO54K) AppleWebKit/537.22 (KHTML, like Gecko) Chrome/25.0.1364.169 Mobile Safari/537.22"
185.220.101.206 - - [16/Mar/2021:17:42:27 +0100] "GET /searchreplace/ HTTP/1.0" 404 26500 "-" "Mozilla/5.0 (Linux; Android 4.1.2; SGH-I727R Build/JZO54K) AppleWebKit/537.22 (KHTML, like Gecko) Chrome/25.0.1364.169 Mobile Safari/537.22"
185.220.101.206 - - [16/Mar/2021:17:42:29 +0100] "GET /Search-Replace-DB-master/ HTTP/1.0" 404 26500 "-" "Mozilla/5.0 (Linux; Android 4.1.2; SGH-I727R Build/JZO54K) AppleWebKit/537.22 (KHTML, like Gecko) Chrome/25.0.1364.169 Mobile Safari/537.22"
185.220.101.206 - - [16/Mar/2021:17:42:30 +0100] "GET /searchre.php HTTP/1.0" 404 26500 "-" "Mozilla/5.0 (Linux; Android 4.1.2; SGH-I727R Build/JZO54K) AppleWebKit/537.22 (KHTML, like Gecko) Chrome/25.0.1364.169 Mobile Safari/537.22"
185.220.101.206 - - [16/Mar/2021:17:42:32 +0100] "GET /searchr.php HTTP/1.0" 404 26500 "-" "Mozilla/5.0 (Linux; Android 4.1.2; SGH-I727R Build/JZO54K) AppleWebKit/537.22 (KHTML, like Gecko) Chrome/25.0.1364.169 Mobile Safari/537.22"
185.220.101.206 - - [16/Mar/2021:17:42:33 +0100] "GET /findreplace/ HTTP/1.0" 404 26500 "-" "Mozilla/5.0 (Linux; Android 4.1.2; SGH-I727R Build/JZO54K) AppleWebKit/537.22 (KHTML, like Gecko) Chrome/25.0.1364.169 Mobile Safari/537.22"
185.220.101.206 - - [16/Mar/2021:17:42:35 +0100] "GET /findreplace.php HTTP/1.0" 404 26500 "-" "Mozilla/5.0 (Linux; Android 4.1.2; SGH-I727R Build/JZO54K) AppleWebKit/537.22 (KHTML, like Gecko) Chrome/25.0.1364.169 Mobile Safari/537.22"
185.220.101.206 - - [16/Mar/2021:17:42:36 +0100] "GET /search.php HTTP/1.0" 404 26500 "-" "Mozilla/5.0 (Linux; Android 4.1.2; SGH-I727R Build/JZO54K) AppleWebKit/537.22 (KHTML, like Gecko) Chrome/25.0.1364.169 Mobile Safari/537.22"
185.220.101.206 - - [16/Mar/2021:17:42:37 +0100] "GET /replace.php HTTP/1.0" 404 26500 "-" "Mozilla/5.0 (Linux; Android 4.1.2; SGH-I727R Build/JZO54K) AppleWebKit/537.22 (KHTML, like Gecko) Chrome/25.0.1364.169 Mobile Safari/537.22"
208.109.11.217 - - [16/Mar/2021:18:37:59 +0100] "GET /wp-login.php HTTP/1.0" 301 472 "-" "Mozilla/5.0 (X11; Ubuntu; Linux x86_64; rv:62.0) Gecko/20100101 Firefox/62.0"
208.109.11.217 - - [16/Mar/2021:18:37:59 +0100] "GET /wp-login.php HTTP/1.0" 301 472 "-" "Mozilla/5.0 (X11; Ubuntu; Linux x86_64; rv:62.0) Gecko/20100101 Firefox/62.0"
208.109.11.217 - - [16/Mar/2021:18:37:59 +0100] "GET /wp-login.php HTTP/1.0" 301 472 "-" "Mozilla/5.0 (X11; Ubuntu; Linux x86_64; rv:62.0) Gecko/20100101 Firefox/62.0"
208.109.11.217 - - [16/Mar/2021:18:38:01 +0100] "GET ///?author=1 HTTP/1.0" 301 466 "-" "Mozilla/5.0 (X11; Ubuntu; Linux x86_64; rv:62.0) Gecko/20100101 Firefox/62.0"
208.109.11.217 - - [16/Mar/2021:18:38:02 +0100] "GET ///?author=1 HTTP/1.0" 301 466 "-" "Mozilla/5.0 (X11; Ubuntu; Linux x86_64; rv:62.0) Gecko/20100101 Firefox/62.0"
208.109.11.217 - - [16/Mar/2021:18:38:02 +0100] "GET ///?author=1 HTTP/1.0" 301 466 "-" "Mozilla/5.0 (X11; Ubuntu; Linux x86_64; rv:62.0) Gecko/20100101 Firefox/62.0"
208.109.11.217 - - [16/Mar/2021:18:38:05 +0100] "GET ///wp-json/wp/v2/users/ HTTP/1.0" 200 1130 "-" "Mozilla/5.0 (X11; Ubuntu; Linux x86_64; rv:62.0) Gecko/20100101 Firefox/62.0"
208.109.11.217 - - [16/Mar/2021:18:38:06 +0100] "GET ///?author=2 HTTP/1.0" 301 466 "-" "Mozilla/5.0 (X11; Ubuntu; Linux x86_64; rv:62.0) Gecko/20100101 Firefox/62.0"
208.109.11.217 - - [16/Mar/2021:18:38:06 +0100] "GET ///wp-json/wp/v2/users/ HTTP/1.0" 200 1130 "-" "Mozilla/5.0 (X11; Ubuntu; Linux x86_64; rv:62.0) Gecko/20100101 Firefox/62.0"
208.109.11.217 - - [16/Mar/2021:18:38:07 +0100] "GET ///?author=2 HTTP/1.0" 301 466 "-" "Mozilla/5.0 (X11; Ubuntu; Linux x86_64; rv:62.0) Gecko/20100101 Firefox/62.0"
208.109.11.217 - - [16/Mar/2021:18:38:06 +0100] "GET ///wp-json/wp/v2/users/ HTTP/1.0" 200 1130 "-" "Mozilla/5.0 (X11; Ubuntu; Linux x86_64; rv:62.0) Gecko/20100101 Firefox/62.0"
208.109.11.217 - - [16/Mar/2021:18:38:08 +0100] "GET ///?author=2 HTTP/1.0" 301 466 "-" "Mozilla/5.0 (X11; Ubuntu; Linux x86_64; rv:62.0) Gecko/20100101 Firefox/62.0"
23.228.109.147 - - [17/Mar/2021:03:46:40 +0100] "GET /sites/all/libraries/plupload/examples/upload.php HTTP/1.0" 404 26500 "http://www.google.com/" "Mozilla/5.0 (Windows NT 6.1; Win64; x64) AppleWebKit/537.36 (KHTML, like Gecko) Chrome/56.0.2896.3 Safari/537.36"
62.210.139.59 - - [17/Mar/2021:09:41:19 +0100] "POST /wp-content/plugins/augmented-reality/vendor/elfinder/php/connector.minimal.php HTTP/1.0" 403 349 "-" "Mozilla/5.0 (Windows; U; Windows NT 6.0; en-US; rv:1.9.1.2) Gecko/20090729 Firefox/3.5.2 (.NET CLR 3.5.30729)"
87.76.31.138 - - [17/Mar/2021:18:44:00 +0100] "GET /wp-login.php HTTP/1.0" 301 472 "-" "Mozilla/5.0 (X11; Ubuntu; Linux x86_64; rv:62.0) Gecko/20100101 Firefox/62.0"
87.76.31.138 - - [17/Mar/2021:18:44:02 +0100] "GET ///?author=1 HTTP/1.0" 301 466 "-" "Mozilla/5.0 (X11; Ubuntu; Linux x86_64; rv:62.0) Gecko/20100101 Firefox/62.0"
87.76.31.138 - - [17/Mar/2021:18:44:04 +0100] "GET ///wp-json/wp/v2/users/ HTTP/1.0" 200 1130 "-" "Mozilla/5.0 (X11; Ubuntu; Linux x86_64; rv:62.0) Gecko/20100101 Firefox/62.0"
87.76.31.138 - - [17/Mar/2021:18:44:04 +0100] "GET ///?author=2 HTTP/1.0" 301 466 "-" "Mozilla/5.0 (X11; Ubuntu; Linux x86_64; rv:62.0) Gecko/20100101 Firefox/62.0"
62.210.139.59 - - [17/Mar/2021:20:57:17 +0100] "POST /wp-content/plugins/wp-file-manager/lib/php/connector.minimal.php HTTP/1.0" 403 349 "-" "Mozilla/5.0 (X11; Linux x86_64) AppleWebKit/537.36 (KHTML, like Gecko) Chrome/87.0.4280.88 Safari/537.36"
62.210.139.59 - - [17/Mar/2021:20:57:17 +0100] "GET /wp-admin/admin-ajax.php?action=wccs_upload_file_func HTTP/1.0" 301 552 "-" "Mozilla/5.0 (X11; Linux x86_64) AppleWebKit/537.36 (KHTML, like Gecko) Chrome/87.0.4280.88 Safari/537.36"
52.34.192.34 - - [18/Mar/2021:09:24:10 +0100] "GET / HTTP/1.0" 301 448 "-" "Mozilla/5.0 (X11; Linux x86_64) AppleWebKit/537.36 (KHTML, like Gecko) Chrome/83.0.4103.97 Safari/537.36"
195.176.3.20 - - [18/Mar/2021:19:49:53 +0100] "GET /wp-config.php.a HTTP/1.0" 403 349 "https://www.google.com/search" "Mozlila/5.0 (Linux; Android 7.0; SM-G892A Bulid/NRD90M; wv) AppleWebKit/537.36 (KHTML, like Gecko) Version/4.0 Chrome/60.0.3112.107 Moblie Safari/537.36"
195.176.3.20 - - [18/Mar/2021:19:49:53 +0100] "GET /wp-config.php.bak HTTP/1.0" 403 349 "https://www.google.com/search" "Mozlila/5.0 (Linux; Android 7.0; SM-G892A Bulid/NRD90M; wv) AppleWebKit/537.36 (KHTML, like Gecko) Version/4.0 Chrome/60.0.3112.107 Moblie Safari/537.36"
195.176.3.20 - - [18/Mar/2021:19:49:53 +0100] "GET /wp-config.php.orig HTTP/1.0" 403 349 "https://www.google.com/search" "Mozlila/5.0 (Linux; Android 7.0; SM-G892A Bulid/NRD90M; wv) AppleWebKit/537.36 (KHTML, like Gecko) Version/4.0 Chrome/60.0.3112.107 Moblie Safari/537.36"
195.176.3.20 - - [18/Mar/2021:19:49:53 +0100] "GET /wp-config.php.old HTTP/1.0" 403 349 "https://www.google.com/search" "Mozlila/5.0 (Linux; Android 7.0; SM-G892A Bulid/NRD90M; wv) AppleWebKit/537.36 (KHTML, like Gecko) Version/4.0 Chrome/60.0.3112.107 Moblie Safari/537.36"
195.176.3.20 - - [18/Mar/2021:19:49:53 +0100] "GET /wp-config.php.save HTTP/1.0" 403 349 "https://www.google.com/search" "Mozlila/5.0 (Linux; Android 7.0; SM-G892A Bulid/NRD90M; wv) AppleWebKit/537.36 (KHTML, like Gecko) Version/4.0 Chrome/60.0.3112.107 Moblie Safari/537.36"
195.176.3.20 - - [18/Mar/2021:19:49:53 +0100] "GET /wp-config.php~ HTTP/1.0" 403 349 "https://www.google.com/search" "Mozlila/5.0 (Linux; Android 7.0; SM-G892A Bulid/NRD90M; wv) AppleWebKit/537.36 (KHTML, like Gecko) Version/4.0 Chrome/60.0.3112.107 Moblie Safari/537.36"
195.176.3.20 - - [18/Mar/2021:19:49:53 +0100] "GET /wp-config.php_ HTTP/1.0" 403 349 "https://www.google.com/search" "Mozlila/5.0 (Linux; Android 7.0; SM-G892A Bulid/NRD90M; wv) AppleWebKit/537.36 (KHTML, like Gecko) Version/4.0 Chrome/60.0.3112.107 Moblie Safari/537.36"
195.176.3.20 - - [18/Mar/2021:19:49:53 +0100] "GET /wp-config.php.backup HTTP/1.0" 403 349 "https://www.google.com/search" "Mozlila/5.0 (Linux; Android 7.0; SM-G892A Bulid/NRD90M; wv) AppleWebKit/537.36 (KHTML, like Gecko) Version/4.0 Chrome/60.0.3112.107 Moblie Safari/537.36"
195.176.3.20 - - [18/Mar/2021:19:49:53 +0100] "GET /wp-config.php.b HTTP/1.0" 403 349 "https://www.google.com/search" "Mozlila/5.0 (Linux; Android 7.0; SM-G892A Bulid/NRD90M; wv) AppleWebKit/537.36 (KHTML, like Gecko) Version/4.0 Chrome/60.0.3112.107 Moblie Safari/537.36"
195.176.3.20 - - [18/Mar/2021:19:49:53 +0100] "GET /wp-config.php.bk HTTP/1.0" 403 349 "https://www.google.com/search" "Mozlila/5.0 (Linux; Android 7.0; SM-G892A Bulid/NRD90M; wv) AppleWebKit/537.36 (KHTML, like Gecko) Version/4.0 Chrome/60.0.3112.107 Moblie Safari/537.36"
195.176.3.20 - - [18/Mar/2021:19:49:53 +0100] "GET /wp-config.php.1 HTTP/1.0" 403 349 "https://www.google.com/search" "Mozlila/5.0 (Linux; Android 7.0; SM-G892A Bulid/NRD90M; wv) AppleWebKit/537.36 (KHTML, like Gecko) Version/4.0 Chrome/60.0.3112.107 Moblie Safari/537.36"
195.176.3.20 - - [18/Mar/2021:19:49:53 +0100] "GET /wp-config.php.3 HTTP/1.0" 403 349 "https://www.google.com/search" "Mozlila/5.0 (Linux; Android 7.0; SM-G892A Bulid/NRD90M; wv) AppleWebKit/537.36 (KHTML, like Gecko) Version/4.0 Chrome/60.0.3112.107 Moblie Safari/537.36"
195.176.3.20 - - [18/Mar/2021:19:49:53 +0100] "GET /wp-config.php_bak HTTP/1.0" 403 349 "https://www.google.com/search" "Mozlila/5.0 (Linux; Android 7.0; SM-G892A Bulid/NRD90M; wv) AppleWebKit/537.36 (KHTML, like Gecko) Version/4.0 Chrome/60.0.3112.107 Moblie Safari/537.36"
195.176.3.20 - - [18/Mar/2021:19:49:53 +0100] "GET /wp-config.bak HTTP/1.0" 403 349 "https://www.google.com/search" "Mozlila/5.0 (Linux; Android 7.0; SM-G892A Bulid/NRD90M; wv) AppleWebKit/537.36 (KHTML, like Gecko) Version/4.0 Chrome/60.0.3112.107 Moblie Safari/537.36"
195.176.3.20 - - [18/Mar/2021:19:49:53 +0100] "GET /wp-config.php~ HTTP/1.0" 403 349 "https://www.google.com/search" "Mozlila/5.0 (Linux; Android 7.0; SM-G892A Bulid/NRD90M; wv) AppleWebKit/537.36 (KHTML, like Gecko) Version/4.0 Chrome/60.0.3112.107 Moblie Safari/537.36"
195.176.3.20 - - [18/Mar/2021:19:49:53 +0100] "GET /wp-config.php.6 HTTP/1.0" 403 349 "https://www.google.com/search" "Mozlila/5.0 (Linux; Android 7.0; SM-G892A Bulid/NRD90M; wv) AppleWebKit/537.36 (KHTML, like Gecko) Version/4.0 Chrome/60.0.3112.107 Moblie Safari/537.36"
195.176.3.20 - - [18/Mar/2021:19:49:53 +0100] "GET /wp-config.php_Old HTTP/1.0" 403 349 "https://www.google.com/search" "Mozlila/5.0 (Linux; Android 7.0; SM-G892A Bulid/NRD90M; wv) AppleWebKit/537.36 (KHTML, like Gecko) Version/4.0 Chrome/60.0.3112.107 Moblie Safari/537.36"
195.176.3.20 - - [18/Mar/2021:19:49:53 +0100] "GET /wp-config.php.5 HTTP/1.0" 403 349 "https://www.google.com/search" "Mozlila/5.0 (Linux; Android 7.0; SM-G892A Bulid/NRD90M; wv) AppleWebKit/537.36 (KHTML, like Gecko) Version/4.0 Chrome/60.0.3112.107 Moblie Safari/537.36"
195.176.3.20 - - [18/Mar/2021:19:49:53 +0100] "GET /wp-config.php.4 HTTP/1.0" 403 349 "https://www.google.com/search" "Mozlila/5.0 (Linux; Android 7.0; SM-G892A Bulid/NRD90M; wv) AppleWebKit/537.36 (KHTML, like Gecko) Version/4.0 Chrome/60.0.3112.107 Moblie Safari/537.36"
195.176.3.20 - - [18/Mar/2021:19:49:53 +0100] "GET /wp-config.php.0 HTTP/1.0" 403 349 "https://www.google.com/search" "Mozlila/5.0 (Linux; Android 7.0; SM-G892A Bulid/NRD90M; wv) AppleWebKit/537.36 (KHTML, like Gecko) Version/4.0 Chrome/60.0.3112.107 Moblie Safari/537.36"
195.176.3.20 - - [18/Mar/2021:19:49:53 +0100] "GET /wp-config.php_1 HTTP/1.0" 403 349 "https://www.google.com/search" "Mozlila/5.0 (Linux; Android 7.0; SM-G892A Bulid/NRD90M; wv) AppleWebKit/537.36 (KHTML, like Gecko) Version/4.0 Chrome/60.0.3112.107 Moblie Safari/537.36"
195.176.3.20 - - [18/Mar/2021:19:49:53 +0100] "GET /wp-config.php.swn HTTP/1.0" 403 349 "https://www.google.com/search" "Mozlila/5.0 (Linux; Android 7.0; SM-G892A Bulid/NRD90M; wv) AppleWebKit/537.36 (KHTML, like Gecko) Version/4.0 Chrome/60.0.3112.107 Moblie Safari/537.36"
195.176.3.20 - - [18/Mar/2021:19:49:53 +0100] "GET /wp-config.php.9 HTTP/1.0" 403 349 "https://www.google.com/search" "Mozlila/5.0 (Linux; Android 7.0; SM-G892A Bulid/NRD90M; wv) AppleWebKit/537.36 (KHTML, like Gecko) Version/4.0 Chrome/60.0.3112.107 Moblie Safari/537.36"
195.176.3.20 - - [18/Mar/2021:19:49:53 +0100] "GET /wp-config.php.bak1 HTTP/1.0" 403 349 "https://www.google.com/search" "Mozlila/5.0 (Linux; Android 7.0; SM-G892A Bulid/NRD90M; wv) AppleWebKit/537.36 (KHTML, like Gecko) Version/4.0 Chrome/60.0.3112.107 Moblie Safari/537.36"
195.176.3.20 - - [18/Mar/2021:19:49:53 +0100] "GET /wp-config.php.7 HTTP/1.0" 403 349 "https://www.google.com/search" "Mozlila/5.0 (Linux; Android 7.0; SM-G892A Bulid/NRD90M; wv) AppleWebKit/537.36 (KHTML, like Gecko) Version/4.0 Chrome/60.0.3112.107 Moblie Safari/537.36"
195.176.3.20 - - [18/Mar/2021:19:49:53 +0100] "GET /wp-config.php.2 HTTP/1.0" 403 349 "https://www.google.com/search" "Mozlila/5.0 (Linux; Android 7.0; SM-G892A Bulid/NRD90M; wv) AppleWebKit/537.36 (KHTML, like Gecko) Version/4.0 Chrome/60.0.3112.107 Moblie Safari/537.36"
195.176.3.20 - - [18/Mar/2021:19:49:53 +0100] "GET /wp-config.php.swo HTTP/1.0" 403 349 "https://www.google.com/search" "Mozlila/5.0 (Linux; Android 7.0; SM-G892A Bulid/NRD90M; wv) AppleWebKit/537.36 (KHTML, like Gecko) Version/4.0 Chrome/60.0.3112.107 Moblie Safari/537.36"
195.176.3.20 - - [18/Mar/2021:19:49:53 +0100] "GET /wp-config.php.bak HTTP/1.0" 403 349 "https://www.google.com/search" "Mozlila/5.0 (Linux; Android 7.0; SM-G892A Bulid/NRD90M; wv) AppleWebKit/537.36 (KHTML, like Gecko) Version/4.0 Chrome/60.0.3112.107 Moblie Safari/537.36"
195.176.3.20 - - [18/Mar/2021:19:49:53 +0100] "GET /wp-config.php.cust HTTP/1.0" 403 349 "https://www.google.com/search" "Mozlila/5.0 (Linux; Android 7.0; SM-G892A Bulid/NRD90M; wv) AppleWebKit/537.36 (KHTML, like Gecko) Version/4.0 Chrome/60.0.3112.107 Moblie Safari/537.36"
195.176.3.20 - - [18/Mar/2021:19:49:53 +0100] "GET /wp-config.php_bak HTTP/1.0" 403 349 "https://www.google.com/search" "Mozlila/5.0 (Linux; Android 7.0; SM-G892A Bulid/NRD90M; wv) AppleWebKit/537.36 (KHTML, like Gecko) Version/4.0 Chrome/60.0.3112.107 Moblie Safari/537.36"
195.176.3.20 - - [18/Mar/2021:19:49:53 +0100] "GET /wp-config.php.save HTTP/1.0" 403 349 "https://www.google.com/search" "Mozlila/5.0 (Linux; Android 7.0; SM-G892A Bulid/NRD90M; wv) AppleWebKit/537.36 (KHTML, like Gecko) Version/4.0 Chrome/60.0.3112.107 Moblie Safari/537.36"
195.176.3.20 - - [18/Mar/2021:19:49:53 +0100] "GET /wp-config.php_orig HTTP/1.0" 403 349 "https://www.google.com/search" "Mozlila/5.0 (Linux; Android 7.0; SM-G892A Bulid/NRD90M; wv) AppleWebKit/537.36 (KHTML, like Gecko) Version/4.0 Chrome/60.0.3112.107 Moblie Safari/537.36"
195.176.3.20 - - [18/Mar/2021:19:49:53 +0100] "GET /wp-config.php_new HTTP/1.0" 403 349 "https://www.google.com/search" "Mozlila/5.0 (Linux; Android 7.0; SM-G892A Bulid/NRD90M; wv) AppleWebKit/537.36 (KHTML, like Gecko) Version/4.0 Chrome/60.0.3112.107 Moblie Safari/537.36"
195.176.3.20 - - [18/Mar/2021:19:49:53 +0100] "GET /wp-config.php.8 HTTP/1.0" 403 349 "https://www.google.com/search" "Mozlila/5.0 (Linux; Android 7.0; SM-G892A Bulid/NRD90M; wv) AppleWebKit/537.36 (KHTML, like Gecko) Version/4.0 Chrome/60.0.3112.107 Moblie Safari/537.36"
195.176.3.20 - - [18/Mar/2021:19:49:53 +0100] "GET /wp-admin/admin-ajax.php?action=revslider_show_image&img=../wp-config.php HTTP/1.0" 403 349 "https://www.google.com/search" "Mozlila/5.0 (Linux; Android 7.0; SM-G892A Bulid/NRD90M; wv) AppleWebKit/537.36 (KHTML, like Gecko) Version/4.0 Chrome/60.0.3112.107 Moblie Safari/537.36"
195.176.3.20 - - [18/Mar/2021:19:49:53 +0100] "GET /wp-config.php-bak HTTP/1.0" 403 349 "https://www.google.com/search" "Mozlila/5.0 (Linux; Android 7.0; SM-G892A Bulid/NRD90M; wv) AppleWebKit/537.36 (KHTML, like Gecko) Version/4.0 Chrome/60.0.3112.107 Moblie Safari/537.36"
195.176.3.20 - - [18/Mar/2021:19:49:53 +0100] "GET /wp-config.php.swp HTTP/1.0" 403 349 "https://www.google.com/search" "Mozlila/5.0 (Linux; Android 7.0; SM-G892A Bulid/NRD90M; wv) AppleWebKit/537.36 (KHTML, like Gecko) Version/4.0 Chrome/60.0.3112.107 Moblie Safari/537.36"
195.176.3.20 - - [18/Mar/2021:19:49:53 +0100] "GET /wp-config.php_original HTTP/1.0" 403 349 "https://www.google.com/search" "Mozlila/5.0 (Linux; Android 7.0; SM-G892A Bulid/NRD90M; wv) AppleWebKit/537.36 (KHTML, like Gecko) Version/4.0 Chrome/60.0.3112.107 Moblie Safari/537.36"
195.176.3.20 - - [18/Mar/2021:19:49:53 +0100] "GET /wp-config.phporiginal HTTP/1.0" 403 349 "https://www.google.com/search" "Mozlila/5.0 (Linux; Android 7.0; SM-G892A Bulid/NRD90M; wv) AppleWebKit/537.36 (KHTML, like Gecko) Version/4.0 Chrome/60.0.3112.107 Moblie Safari/537.36"
195.176.3.20 - - [18/Mar/2021:19:49:53 +0100] "GET /wp-config.php-original HTTP/1.0" 403 349 "https://www.google.com/search" "Mozlila/5.0 (Linux; Android 7.0; SM-G892A Bulid/NRD90M; wv) AppleWebKit/537.36 (KHTML, like Gecko) Version/4.0 Chrome/60.0.3112.107 Moblie Safari/537.36"
195.176.3.20 - - [18/Mar/2021:19:49:53 +0100] "GET /wp-config.php.original HTTP/1.0" 403 349 "https://www.google.com/search" "Mozlila/5.0 (Linux; Android 7.0; SM-G892A Bulid/NRD90M; wv) AppleWebKit/537.36 (KHTML, like Gecko) Version/4.0 Chrome/60.0.3112.107 Moblie Safari/537.36"
195.176.3.20 - - [18/Mar/2021:19:49:53 +0100] "GET /wp-config.php.disabled HTTP/1.0" 403 349 "https://www.google.com/search" "Mozlila/5.0 (Linux; Android 7.0; SM-G892A Bulid/NRD90M; wv) AppleWebKit/537.36 (KHTML, like Gecko) Version/4.0 Chrome/60.0.3112.107 Moblie Safari/537.36"
195.176.3.20 - - [18/Mar/2021:19:49:53 +0100] "GET /wp-config.php.new HTTP/1.0" 403 349 "https://www.google.com/search" "Mozlila/5.0 (Linux; Android 7.0; SM-G892A Bulid/NRD90M; wv) AppleWebKit/537.36 (KHTML, like Gecko) Version/4.0 Chrome/60.0.3112.107 Moblie Safari/537.36"
185.107.112.199 - - [18/Mar/2021:19:49:53 +0100] "POST /wp-cron.php?doing_wp_cron=1616093393.9097170829772949218750 HTTP/1.0" 301 566 "http://mombuddymovement.nl/wp-cron.php?doing_wp_cron=1616093393.9097170829772949218750" "WordPress/5.5.3; https://mombuddymovement.nl"
195.176.3.20 - - [18/Mar/2021:19:49:53 +0100] "GET /wp-config_good HTTP/1.0" 404 26500 "https://www.google.com/search" "Mozlila/5.0 (Linux; Android 7.0; SM-G892A Bulid/NRD90M; wv) AppleWebKit/537.36 (KHTML, like Gecko) Version/4.0 Chrome/60.0.3112.107 Moblie Safari/537.36"
195.176.3.20 - - [18/Mar/2021:19:49:53 +0100] "GET /wp-config-good HTTP/1.0" 404 26500 "https://www.google.com/search" "Mozlila/5.0 (Linux; Android 7.0; SM-G892A Bulid/NRD90M; wv) AppleWebKit/537.36 (KHTML, like Gecko) Version/4.0 Chrome/60.0.3112.107 Moblie Safari/537.36"
195.176.3.20 - - [18/Mar/2021:19:49:53 +0100] "GET /wp-config.good HTTP/1.0" 404 26500 "https://www.google.com/search" "Mozlila/5.0 (Linux; Android 7.0; SM-G892A Bulid/NRD90M; wv) AppleWebKit/537.36 (KHTML, like Gecko) Version/4.0 Chrome/60.0.3112.107 Moblie Safari/537.36"
